{'x86/release/testpackage': ['setup.hint', 'testpackage-1.0-1-src.tar.bz2', 'testpackage-1.0-1.tar.bz2'],
 'x86/release/testpackage/testpackage-subpackage': ['setup.hint', 'testpackage-subpackage-1.0-1.tar.bz2'],
 'x86/release/testpackage2/testpackage2-subpackage': ['setup.hint', 'testpackage2-subpackage-1.0-1.tar.bz2']}
