{'.': [], 'x86': [], 'x86/release': [], 'x86/release/testpackage': ['testpackage-0.1-1.tar.bz2']}
