{'.': ['an_unexpected_file'],
 'Blooey McFooey': [],
 'Blooey McFooey/noarch': [],
 'Blooey McFooey/noarch/release': [],
 'Blooey McFooey/noarch/release/perl-Net-SMTP-SSL': [],
 'Blooey McFooey/x86': [],
 'Blooey McFooey/x86/release': [],
 'Blooey McFooey/x86/release/after-ready': ['after-ready-1.0-1.tar.bz2', 'setup.hint'],
 'Blooey McFooey/x86/release/not-on-maintainer-list': ['not-on-maintainer-list-1.0-1.tar.bz2', 'setup.hint'],
 'Blooey McFooey/x86/release/not-on-package-list': ['not-on-package-list-1.0-1.tar.bz2', 'setup.hint'],
 'Blooey McFooey/x86/release/not-ready': ['-not-ready-0.9-1.tar.bz2', 'not-ready-1.0-1.tar.bz2', 'setup.hint'],
 'Blooey McFooey/x86/release/testpackage': [],
 'Blooey McFooey/x86/release/testpackage/testpackage-subpackage': [],
 'Blooey McFooey/x86/release/testpackage2': ['setup.hint', 'testpackage2-1.0-1.tar.bz2'],
 'Blooey McFooey/x86/release/testpackage2/testpackage2-subpackage': ['inprogress.SftpXFR.1234',
                                                                     'setup.hint',
                                                                     'testpackage2-subpackage-1.0-1.tar.bz2'],
 'Jon Turney': ['!email']}
