{'.': [],
 'x86': ['.htaccess', 'packages.inc'],
 'x86/arc': ['.htaccess', 'arc-4.32.7-10', 'arc-4.32.7-10-src'],
 'x86/base-cygwin': ['.htaccess', 'base-cygwin-3.6-1', 'base-cygwin-3.8-1'],
 'x86/cygwin': ['.htaccess',
                'cygwin-2.2.0-1',
                'cygwin-2.2.0-1-src',
                'cygwin-2.2.1-1',
                'cygwin-2.2.1-1-src',
                'cygwin-2.3.0-0.3',
                'cygwin-2.3.0-0.3-src'],
 'x86/cygwin-debuginfo': ['.htaccess',
                          'cygwin-debuginfo-2.2.0-1',
                          'cygwin-debuginfo-2.2.1-1',
                          'cygwin-debuginfo-2.3.0-0.3'],
 'x86/cygwin-devel': ['.htaccess', 'cygwin-devel-2.2.0-1', 'cygwin-devel-2.2.1-1', 'cygwin-devel-2.3.0-0.3'],
 'x86/keychain': ['.htaccess', 'keychain-2.6.8-1', 'keychain-2.6.8-1-src', 'keychain-2.7.1-1', 'keychain-2.7.1-1-src'],
 'x86/libdns_sd-devel': ['.htaccess', 'libdns_sd-devel-379.32.1-1'],
 'x86/libdns_sd1': ['.htaccess', 'libdns_sd1-379.32.1-1'],
 'x86/mDNSResponder': ['.htaccess', 'mDNSResponder-379.32.1-1', 'mDNSResponder-379.32.1-1-src'],
 'x86/openssh': ['.htaccess', 'openssh-7.2p2-1', 'openssh-7.2p2-1-src'],
 'x86/perl-Net-SMTP-SSL': ['.htaccess',
                           'perl-Net-SMTP-SSL-1.03-1',
                           'perl-Net-SMTP-SSL-1.03-1-src',
                           'perl-Net-SMTP-SSL-1.03-2',
                           'perl-Net-SMTP-SSL-1.03-2-src'],
 'x86/rpm-doc': ['.htaccess', 'rpm-doc-4.1-2', 'rpm-doc-4.1-2-src', 'rpm-doc-999-1'],
 'x86/testpackage': ['.htaccess', 'testpackage-1.0-1', 'testpackage-1.0-1-src'],
 'x86/testpackage-subpackage': ['.htaccess', 'testpackage-subpackage-1.0-1']}
