{'.': ['setup.ini'],
 'noarch': ['sha512.sum'],
 'noarch/release': ['sha512.sum'],
 'noarch/release/perl-Net-SMTP-SSL': ['perl-Net-SMTP-SSL-1.03-1-src.tar.xz',
                                      'perl-Net-SMTP-SSL-1.03-1.tar.xz',
                                      'perl-Net-SMTP-SSL-1.03-2-src.tar.xz',
                                      'perl-Net-SMTP-SSL-1.03-2.tar.xz',
                                      'setup.hint',
                                      'sha512.sum'],
 'x86': ['sha512.sum'],
 'x86/release': ['sha512.sum'],
 'x86/release/arc': ['arc-4.32.7-10-src.tar.bz2', 'arc-4.32.7-10.tar.bz2', 'setup.hint', 'sha512.sum'],
 'x86/release/base-cygwin': ['base-cygwin-3.6-1.tar.xz', 'base-cygwin-3.8-1.tar.xz', 'setup.hint', 'sha512.sum'],
 'x86/release/cygwin': ['.this-should-be-ignored',
                        'cygwin-2.2.0-1-src.tar.xz',
                        'cygwin-2.2.0-1.tar.xz',
                        'cygwin-2.2.1-1-src.tar.xz',
                        'cygwin-2.2.1-1.tar.xz',
                        'cygwin-2.3.0-0.3-src.tar.xz',
                        'cygwin-2.3.0-0.3.tar.xz',
                        'setup.hint',
                        'sha512.sum'],
 'x86/release/cygwin/cygwin-debuginfo': ['cygwin-debuginfo-2.2.0-1.tar.xz',
                                         'cygwin-debuginfo-2.2.1-1.tar.xz',
                                         'cygwin-debuginfo-2.3.0-0.3.tar.xz',
                                         'setup.hint',
                                         'sha512.sum'],
 'x86/release/cygwin/cygwin-devel': ['cygwin-devel-2.2.0-1.tar.xz',
                                     'cygwin-devel-2.2.1-1.tar.xz',
                                     'cygwin-devel-2.3.0-0.3.tar.xz',
                                     'setup.hint',
                                     'sha512.sum'],
 'x86/release/invalid': ['setup.hint', 'sha512.sum'],
 'x86/release/keychain': ['keychain-2.6.8-1-src.tar.bz2',
                          'keychain-2.6.8-1.tar.bz2',
                          'keychain-2.7.1-1-src.tar.bz2',
                          'keychain-2.7.1-1.tar.bz2',
                          'setup.hint',
                          'sha512.sum'],
 'x86/release/libspiro': ['setup.hint', 'sha512.sum'],
 'x86/release/libspiro/libspiro-devel': ['setup.hint', 'sha512.sum'],
 'x86/release/libspiro/libspiro0': ['setup.hint', 'sha512.sum'],
 'x86/release/libtextcat': ['libtextcat-2.2-2-src.tar.bz2', 'libtextcat-2.2-2.tar.bz2', 'setup.hint', 'sha512.sum'],
 'x86/release/libtextcat/libtextcat-devel': ['libtextcat-devel-2.2-2.tar.bz2', 'setup.hint', 'sha512.sum'],
 'x86/release/libtextcat/libtextcat0': ['libtextcat0-2.2-2.tar.bz2', 'setup.hint', 'sha512.sum'],
 'x86/release/mDNSResponder': ['mDNSResponder-379.32.1-1-src.tar.bz2',
                               'mDNSResponder-379.32.1-1.tar.bz2',
                               'setup.hint',
                               'sha512.sum'],
 'x86/release/mDNSResponder/libdns_sd-devel': ['libdns_sd-devel-379.32.1-1.tar.bz2', 'setup.hint', 'sha512.sum'],
 'x86/release/mDNSResponder/libdns_sd1': ['libdns_sd1-379.32.1-1.tar.bz2', 'setup.hint', 'sha512.sum'],
 'x86/release/mingw64-i686-binutils': ['setup.hint', 'sha512.sum'],
 'x86/release/mingw64-i686-binutils/mingw64-i686-binutils-debuginfo': ['setup.hint', 'sha512.sum'],
 'x86/release/naim': ['setup.hint'],
 'x86/release/openssh': ['openssh-7.2p2-1-src.tar.xz', 'openssh-7.2p2-1.tar.xz', 'setup.hint', 'sha512.sum'],
 'x86/release/proj': ['setup.hint', 'sha512.sum'],
 'x86/release/proj/libproj-devel': ['setup.hint', 'sha512.sum'],
 'x86/release/proj/libproj1': ['setup.hint', 'sha512.sum'],
 'x86/release/rpm-doc': ['rpm-doc-4.1-2-src.tar.bz2',
                         'rpm-doc-4.1-2.tar.bz2',
                         'rpm-doc-999-1.tar.bz2',
                         'setup.hint',
                         'sha512.sum'],
 'x86/release/splint': ['setup.hint', 'sha512.sum'],
 'x86/release/testpackage': ['setup.hint', 'sha512.sum', 'testpackage-1.0-1-src.tar.bz2', 'testpackage-1.0-1.tar.bz2'],
 'x86/release/testpackage/testpackage-subpackage': ['setup.hint', 'testpackage-subpackage-1.0-1.tar.bz2']}
